../Core/gui/gw_app.c:106:13:prv_cancel_pending_beacon_burst	0	static
../Core/gui/gw_app.c:204:13:prv_radio_ready_for_rx	0	static
../Core/gui/gw_app.c:307:17:prv_next_event_centi	16	static
../Core/gui/gw_app.c:381:13:prv_get_setting_value_unit_ascii_first	16	static
../Core/gui/gw_app.c:421:13:prv_update_test_mode	16	static
../Core/gui/gw_app.c:437:17:prv_get_setting_cycle_sec	16	static
../Core/gui/gw_app.c:558:13:prv_is_minute_test_active	16	static
../Core/gui/gw_app.c:430:13:prv_is_two_minute_mode_active	16	static
../Core/gui/gw_app.c:483:17:prv_get_hop_period_sec	8	static
../Core/gui/gw_app.c:932:13:prv_schedule_after_ms	16	static
../Core/gui/gw_app.c:187:13:prv_led1_pulse_10ms	8	static
../Core/gui/gw_app.c:542:17:prv_get_current_cycle_timestamp_sec	8	static
../Core/gui/gw_app.c:681:13:prv_flash_tx_resync_after_storage_change	8	static
../Core/gui/gw_app.c:598:17:prv_flash_tx_pending_count	8	static
../Core/gui/gw_app.c:712:13:prv_save_hour_rec_verified	16	static
../Core/gui/gw_app.c:1001:13:prv_tmr_wakeup_cb	0	static
../Core/gui/gw_app.c:256:13:prv_hour_rec_init	24	static
../Core/gui/gw_app.c:621:13:prv_flash_tx_note_saved.part.0	8	static
../Core/gui/gw_app.c:905:13:prv_requeue_events	0	static
../Core/gui/gw_app.c:777:13:prv_is_catm1_periodic_active	8	static
../Core/gui/gw_app.c:800:17:prv_get_catm1_period_sec	8	static
../Core/gui/gw_app.c:984:13:prv_start_pending_beacon_burst	32	static
../Core/gui/gw_app.c:914:13:prv_arm_rx_slot	16	static
../Core/gui/gw_app.c:342:13:prv_is_event_due_now.constprop	24	static
../Core/gui/gw_app.c:742:13:prv_handle_test50_actions	16	static
../Core/gui/gw_app.c:1374:13:prv_schedule_wakeup	32	static
../Core/gui/gw_app.c:848:13:prv_run_catm1_uplink_now.part.0	744	static
../Core/gui/gw_app.c:848:13:prv_run_catm1_uplink_now	0	static
../Core/gui/gw_app.c:1585:13:prv_rx_next_slot	16	static
../Core/gui/gw_app.c:181:13:prv_led1_pulse_off_cb	0	static
../Core/gui/gw_app.c:1008:6:GW_App_Process	112	static
../Core/gui/gw_app.c:1460:6:GW_App_Init	24	static
../Core/gui/gw_app.c:1504:6:UI_Hook_OnConfigChanged	8	static
../Core/gui/gw_app.c:1520:6:UI_Hook_OnSettingChanged	8	static
../Core/gui/gw_app.c:1541:6:UI_Hook_OnTimeChanged	8	static
../Core/gui/gw_app.c:1556:6:UI_Hook_OnBeaconOnceRequested	8	static
../Core/gui/gw_app.c:1572:6:GW_Radio_OnTxDone	0	static
../Core/gui/gw_app.c:1578:6:GW_Radio_OnTxTimeout	8	static
../Core/gui/gw_app.c:1651:6:GW_Radio_OnRxDone	8	static
../Core/gui/gw_app.c:1668:6:GW_Radio_OnRxTimeout	8	static
../Core/gui/gw_app.c:1675:6:GW_Radio_OnRxError	8	static
