../Core/gui/gw_catm1.c:309:13:prv_lpuart_is_inited	0	static
../Core/gui/gw_catm1.c:210:13:prv_catm1_rb_reset	8	static
../Core/gui/gw_catm1.c:236:13:prv_catm1_rx_start_it	8	static
../Core/gui/gw_catm1.c:288:13:prv_power_leds_write	8	static
../Core/gui/gw_catm1.c:247:13:prv_catm1_rb_pop_wait	24	static
../Core/gui/gw_catm1.c:270:13:prv_wait_rx_quiet	32	static
../Core/gui/gw_catm1.c:1065:13:prv_parse_cnact_ctx0	80	static
../Core/gui/gw_catm1.c:331:13:prv_lpuart_release	8	static
../Core/gui/gw_catm1.c:341:13:prv_get_server	16	static
../Core/gui/gw_catm1.c:314:13:prv_lpuart_ensure	8	static
../Core/gui/gw_catm1.c:375:13:prv_uart_flush_rx	8	static
../Core/gui/gw_catm1.c:1320:13:prv_append_fmt.constprop	28	static
../Core/gui/gw_catm1.c:384:13:prv_uart_wait_for.constprop	48	static
../Core/gui/gw_catm1.c:370:13:prv_uart_send_text.constprop	16	static
../Core/gui/gw_catm1.c:429:13:prv_send_cmd_wait.constprop	24	static
../Core/gui/gw_catm1.c:700:13:prv_enable_network_time_auto_update	272	static
../Core/gui/gw_catm1.c:1134:13:prv_open_tcp	384	static
../Core/gui/gw_catm1.c:444:13:prv_send_query_wait_prefix_ok.constprop	56	static
../Core/gui/gw_catm1.c:1147:13:prv_query_caack.constprop	280	static
../Core/gui/gw_catm1.c:1202:13:prv_send_tcp_payload	344	static
../Core/gui/gw_catm1.c:1047:13:prv_wait_ps_attached_until	296	static
../Core/gui/gw_catm1.c:999:13:prv_wait_eps_registered_until	296	static
../Core/gui/gw_catm1.c:796:13:prv_query_network_time_epoch_retry	376	static
../Core/gui/gw_catm1.c:519:13:prv_send_query_wait_cnact_ok.constprop	48	static
../Core/gui/gw_catm1.c:1092:13:prv_activate_pdp	384	static
../Core/gui/gw_catm1.c:860:13:prv_sync_time_from_modem_startup	664	static
../Core/gui/gw_catm1.c:1344:15:prv_build_snapshot_payload.constprop	320	static
../Core/gui/gw_catm1.c:1414:6:GW_Catm1_UartRxCpltCallback	8	static
../Core/gui/gw_catm1.c:1429:6:GW_Catm1_UartErrorCallback	0	static
../Core/gui/gw_catm1.c:1437:6:GW_Catm1_Init	8	static
../Core/gui/gw_catm1.c:1443:6:GW_Catm1_PowerOn	8	static
../Core/gui/gw_catm1.c:660:13:prv_start_session.constprop	552	static
../Core/gui/gw_catm1.c:1460:6:GW_Catm1_PowerOff	272	static
../Core/gui/gw_catm1.c:1488:6:GW_Catm1_IsBusy	0	static
../Core/gui/gw_catm1.c:1493:6:GW_Catm1_SetBusy	0	static
../Core/gui/gw_catm1.c:1498:6:GW_Catm1_ClearTimeSyncDeltaBuf	8	static
../Core/gui/gw_catm1.c:1503:9:GW_Catm1_GetTimeSyncDeltaCount	0	static
../Core/gui/gw_catm1.c:1508:9:GW_Catm1_CopyTimeSyncDeltaBuf	20	static
../Core/gui/gw_catm1.c:1535:6:GW_Catm1_SyncTimeOnce	16	static
../Core/gui/gw_catm1.c:1561:6:GW_Catm1_QueryAndStoreLoc	464	static
../Core/gui/gw_catm1.c:1608:6:GW_Catm1_SendSnapshot	2200	static
../Core/gui/gw_catm1.c:1677:6:GW_Catm1_SendStoredRange	2232	static
