../Core/gui/gw_catm1.c:125:13:prv_lpuart_clear_errors	0	static
../Core/gui/gw_catm1.c:272:13:prv_lpuart_is_inited	0	static
../Core/gui/gw_catm1.c:95:13:prv_catm1_rb_reset	8	static
../Core/gui/gw_catm1.c:171:13:prv_catm1_rx_start_it	8	static
../Core/gui/gw_catm1.c:249:13:prv_power_leds_write	8	static
../Core/gui/gw_catm1.c:259:13:prv_power_leds_blink_twice	8	static
../Core/gui/gw_catm1.c:301:13:prv_lpuart_release	8	static
../Core/gui/gw_catm1.c:195:13:prv_catm1_rb_pop_wait	24	static
../Core/gui/gw_catm1.c:226:13:prv_wait_rx_quiet	32	static
../Core/gui/gw_catm1.c:1230:13:prv_parse_cnact_ctx0	80	static
../Core/gui/gw_catm1.c:321:13:prv_get_server	16	static
../Core/gui/gw_catm1.c:1459:13:prv_node_valid	0	static
../Core/gui/gw_catm1.c:277:13:prv_lpuart_ensure	8	static
../Core/gui/gw_catm1.c:357:13:prv_uart_flush_rx	8	static
../Core/gui/gw_catm1.c:1490:13:prv_append_fmt.constprop	28	static
../Core/gui/gw_catm1.c:1589:15:prv_build_snapshot_payload.constprop	112	static
../Core/gui/gw_catm1.c:368:13:prv_uart_wait_for.constprop	48	static
../Core/gui/gw_catm1.c:352:13:prv_uart_send_text.constprop	16	static
../Core/gui/gw_catm1.c:433:13:prv_send_cmd_wait.constprop	24	static
../Core/gui/gw_catm1.c:770:13:prv_enable_network_time_auto_update	272	static
../Core/gui/gw_catm1.c:1318:13:prv_open_tcp	384	static
../Core/gui/gw_catm1.c:457:13:prv_send_query_wait_prefix_ok.constprop	56	static
../Core/gui/gw_catm1.c:1340:13:prv_query_caack.constprop	280	static
../Core/gui/gw_catm1.c:1405:13:prv_send_tcp_payload	344	static
../Core/gui/gw_catm1.c:1207:13:prv_wait_ps_attached_until	296	static
../Core/gui/gw_catm1.c:1143:13:prv_wait_eps_registered_until	296	static
../Core/gui/gw_catm1.c:886:13:prv_query_network_time_epoch_retry	368	static
../Core/gui/gw_catm1.c:562:13:prv_send_query_wait_cnact_ok.constprop	48	static
../Core/gui/gw_catm1.c:1263:13:prv_activate_pdp	384	static
../Core/gui/gw_catm1.c:970:13:prv_sync_time_from_modem_startup	664	static
../Core/gui/gw_catm1.c:1663:6:GW_Catm1_UartRxCpltCallback	8	static
../Core/gui/gw_catm1.c:1684:6:GW_Catm1_UartErrorCallback	8	static
../Core/gui/gw_catm1.c:1696:6:GW_Catm1_Init	0	static
../Core/gui/gw_catm1.c:1703:6:GW_Catm1_PowerOn	8	static
../Core/gui/gw_catm1.c:710:13:prv_start_session.constprop	552	static
../Core/gui/gw_catm1.c:1727:6:GW_Catm1_PowerOff	272	static
../Core/gui/gw_catm1.c:1773:6:GW_Catm1_IsBusy	0	static
../Core/gui/gw_catm1.c:1778:6:GW_Catm1_SetBusy	0	static
../Core/gui/gw_catm1.c:1783:6:GW_Catm1_ClearTimeSyncDeltaBuf	8	static
../Core/gui/gw_catm1.c:1788:9:GW_Catm1_GetTimeSyncDeltaCount	0	static
../Core/gui/gw_catm1.c:1793:9:GW_Catm1_CopyTimeSyncDeltaBuf	20	static
../Core/gui/gw_catm1.c:1826:6:GW_Catm1_SyncTimeOnce	16	static
../Core/gui/gw_catm1.c:1861:6:GW_Catm1_QueryAndStoreLoc	464	static
../Core/gui/gw_catm1.c:1924:6:GW_Catm1_SendSnapshot	2200	static
../Core/gui/gw_catm1.c:2017:6:GW_Catm1_SendStoredRange	2232	static
