../Core/gui/gw_catm1.c:300:13:prv_lpuart_is_inited	0	static
../Core/gui/gw_catm1.c:201:13:prv_catm1_rb_reset	8	static
../Core/gui/gw_catm1.c:227:13:prv_catm1_rx_start_it	8	static
../Core/gui/gw_catm1.c:279:13:prv_power_leds_write	8	static
../Core/gui/gw_catm1.c:238:13:prv_catm1_rb_pop_wait	24	static
../Core/gui/gw_catm1.c:261:13:prv_wait_rx_quiet	32	static
../Core/gui/gw_catm1.c:1019:13:prv_parse_cnact_ctx0	80	static
../Core/gui/gw_catm1.c:322:13:prv_lpuart_release	8	static
../Core/gui/gw_catm1.c:332:13:prv_get_server	16	static
../Core/gui/gw_catm1.c:305:13:prv_lpuart_ensure	8	static
../Core/gui/gw_catm1.c:366:13:prv_uart_flush_rx	8	static
../Core/gui/gw_catm1.c:1274:13:prv_append_fmt.constprop	28	static
../Core/gui/gw_catm1.c:375:13:prv_uart_wait_for.constprop	48	static
../Core/gui/gw_catm1.c:361:13:prv_uart_send_text.constprop	16	static
../Core/gui/gw_catm1.c:420:13:prv_send_cmd_wait.constprop	24	static
../Core/gui/gw_catm1.c:654:13:prv_enable_network_time_auto_update	272	static
../Core/gui/gw_catm1.c:1088:13:prv_open_tcp	384	static
../Core/gui/gw_catm1.c:435:13:prv_send_query_wait_prefix_ok.constprop	56	static
../Core/gui/gw_catm1.c:1101:13:prv_query_caack.constprop	280	static
../Core/gui/gw_catm1.c:1156:13:prv_send_tcp_payload	344	static
../Core/gui/gw_catm1.c:1001:13:prv_wait_ps_attached_until	296	static
../Core/gui/gw_catm1.c:953:13:prv_wait_eps_registered_until	296	static
../Core/gui/gw_catm1.c:750:13:prv_query_network_time_epoch_retry	376	static
../Core/gui/gw_catm1.c:510:13:prv_send_query_wait_cnact_ok.constprop	48	static
../Core/gui/gw_catm1.c:1046:13:prv_activate_pdp	384	static
../Core/gui/gw_catm1.c:814:13:prv_sync_time_from_modem_startup	664	static
../Core/gui/gw_catm1.c:1298:15:prv_build_snapshot_payload.constprop	320	static
../Core/gui/gw_catm1.c:1368:6:GW_Catm1_UartRxCpltCallback	8	static
../Core/gui/gw_catm1.c:1383:6:GW_Catm1_UartErrorCallback	0	static
../Core/gui/gw_catm1.c:1391:6:GW_Catm1_Init	8	static
../Core/gui/gw_catm1.c:1397:6:GW_Catm1_PowerOn	8	static
../Core/gui/gw_catm1.c:612:13:prv_start_session.constprop	552	static
../Core/gui/gw_catm1.c:1414:6:GW_Catm1_PowerOff	272	static
../Core/gui/gw_catm1.c:1442:6:GW_Catm1_IsBusy	0	static
../Core/gui/gw_catm1.c:1447:6:GW_Catm1_SetBusy	0	static
../Core/gui/gw_catm1.c:1452:6:GW_Catm1_ClearTimeSyncDeltaBuf	8	static
../Core/gui/gw_catm1.c:1457:9:GW_Catm1_GetTimeSyncDeltaCount	0	static
../Core/gui/gw_catm1.c:1462:9:GW_Catm1_CopyTimeSyncDeltaBuf	20	static
../Core/gui/gw_catm1.c:1489:6:GW_Catm1_SyncTimeOnce	16	static
../Core/gui/gw_catm1.c:1515:6:GW_Catm1_QueryAndStoreLoc	464	static
../Core/gui/gw_catm1.c:1562:6:GW_Catm1_SendSnapshot	2200	static
../Core/gui/gw_catm1.c:1631:6:GW_Catm1_SendStoredRange	2232	static
